#
# A fatal error has been detected by the Java Runtime Environment:
#
#  EXCEPTION_ACCESS_VIOLATION (0xc0000005) at pc=0x00007ffdeaf0e776, pid=16508, tid=17716
#
# JRE version: Java(TM) SE Runtime Environment (26.0.1+8) (build 26.0.1+8-34)
# Java VM: Java HotSpot(TM) 64-Bit Server VM (26.0.1+8-34, mixed mode, sharing, tiered, compressed oops, compressed class ptrs, g1 gc, windows-amd64)
# Problematic frame:
# C  [awt.dll+0xde776]
#
# No core dump will be written. Minidumps are not enabled by default on client versions of Windows
#
# If you would like to submit a bug report, please visit:
#   https://bugreport.java.com/bugreport/crash.jsp
# The crash happened outside the Java Virtual Machine in native code.
# See problematic frame for where to report the bug.
#

---------------  S U M M A R Y ------------

Command Line: Main

Host: 12th Gen Intel(R) Core(TM) i5-1235U, 12 cores, 7G,  Windows 11 , 64 bit Build 26100 (10.0.26100.8875)
Time: Fri Jul 24 18:11:40 2026 India Standard Time elapsed time: 1316.220832 seconds (0d 0h 21m 56s)

---------------  T H R E A D  ---------------

Current thread (0x0000015a3995db70):  JavaThread "AWT-EventQueue-0"        [_thread_in_native, id=17716, stack(0x0000002124300000,0x0000002124400000) (1024K)]

Stack: [0x0000002124300000,0x0000002124400000],  sp=0x00000021243feec0,  free space=1019k
Native frames: (J=compiled Java code, j=interpreted, Vv=VM code, C=native code)
C  [awt.dll+0xde776]  (no source info available)
C  [awt.dll+0xe0062]  (no source info available)
C  0x0000015a2b8ed4f3  (no source info available)

The last pc belongs to native method entry point (kind = native) (printed below).
Java frames: (J=compiled Java code, j=interpreted, Vv=VM code)
j  sun.awt.Win32GraphicsDevice.initNativeScale(I)V+0 java.desktop@26.0.1
j  sun.awt.Win32GraphicsDevice.initScaleFactors()V+60 java.desktop@26.0.1
j  sun.awt.Win32GraphicsDevice.displayChanged()V+16 java.desktop@26.0.1
j  sun.awt.Win32GraphicsEnvironment.displayChanged()V+271 java.desktop@26.0.1
j  sun.awt.windows.WToolkit.lambda$displayChanged$0()V+15 java.desktop@26.0.1
j  sun.awt.windows.WToolkit$$Lambda+0x00000000340ff990.run()V+0 java.desktop@26.0.1
j  java.awt.event.InvocationEvent.dispatch()V+47 java.desktop@26.0.1
j  java.awt.EventQueue.dispatchEventImpl(Ljava/awt/AWTEvent;Ljava/lang/Object;)V+21 java.desktop@26.0.1
j  java.awt.EventQueue.dispatchEvent(Ljava/awt/AWTEvent;)V+22 java.desktop@26.0.1
j  java.awt.EventDispatchThread.pumpOneEventForFilters(I)V+81 java.desktop@26.0.1
j  java.awt.EventDispatchThread.pumpEventsForFilter(ILjava/awt/Conditional;Ljava/awt/EventFilter;)V+35 java.desktop@26.0.1
j  java.awt.EventDispatchThread.pumpEventsForHierarchy(ILjava/awt/Conditional;Ljava/awt/Component;)V+11 java.desktop@26.0.1
j  java.awt.EventDispatchThread.pumpEvents(ILjava/awt/Conditional;)V+4 java.desktop@26.0.1
j  java.awt.EventDispatchThread.pumpEvents(Ljava/awt/Conditional;)V+3 java.desktop@26.0.1
j  java.awt.EventDispatchThread.run()V+9 java.desktop@26.0.1
v  ~StubRoutines::Stub Generator call_stub_stub 0x0000015a2b8e18e2

siginfo: EXCEPTION_ACCESS_VIOLATION (0xc0000005), reading address 0x00000baa00000051


Registers:
RAX=0x00000baa00000001, RBX=0x0000015a398c6c50, RCX=0x00000baa00000001, RDX=0x0000000000000000
RSP=0x00000021243feec0, RBP=0x00000021243fefa0, RSI=0x0000000000000000, RDI=0x0000000000000000
R8 =0x0000000000000001, R9 =0x000000212242e000, R10=0x0000015a2b8ed593, R11=0x0000000000000100
R12=0x0000000000000000, R13=0x0000015a3a21a2c0, R14=0x00000021243fefc8, R15=0x0000015a3995db70
RIP=0x00007ffdeaf0e776, EFLAGS=0x0000000000010206

XMM[0]=0x0000000000000000 0x0000000000000000
XMM[1]=0x0000000000000000 0x00000000bf800000
XMM[2]=0x0000000000000000 0x0000000000000000
XMM[3]=0x0000000000000000 0x0000000000000000
XMM[4]=0x0000000000000000 0x0000000000000000
XMM[5]=0x0000000000000000 0x0000000000000000
XMM[6]=0x0000000000000000 0xe14fd9ee7c97227f
XMM[7]=0x0000000000000000 0xb76c25743b68cd3d
XMM[8]=0x0000000000000000 0x5120ff6c12573cf1
XMM[9]=0x0000000000000000 0x31d6c0c4abf9412a
XMM[10]=0x0000000000000000 0x000000007a228066
XMM[11]=0x0000000000000000 0x0f3bf6a5bb3537cf
XMM[12]=0x0000000000000000 0x00000000abf9412a
XMM[13]=0x0000000000000000 0x0000000000000000
XMM[14]=0x0000000000000000 0x0000000000000000
XMM[15]=0x0000000000000000 0x0000000000000000
  MXCSR=0x00001fa7


Register to memory mapping:

RAX=0x00000baa00000001 is an unknown value
RBX=0x0000015a398c6c50 points into unknown readable memory: 0x0000015a398fb410 | 10 b4 8f 39 5a 01 00 00
RCX=0x00000baa00000001 is an unknown value
RDX=0x0 is null
RSP=0x00000021243feec0 is pointing into the stack for thread: 0x0000015a3995db70
RBP=0x00000021243fefa0 is pointing into the stack for thread: 0x0000015a3995db70
RSI=0x0 is null
RDI=0x0 is null
R8 =0x0000000000000001 is an unknown value
R9 =0x000000212242e000 points into unknown readable memory: 0x0000000000000000 | 00 00 00 00 00 00 00 00
R10=0x0000015a2b8ed593 is at code_begin+1139 in an Interpreter codelet
native method entry point (kind = native)  [0x0000015a2b8ed120, 0x0000015a2b8edc10]  2800 bytes
R11=0x0000000000000100 is an unknown value
R12=0x0 is null
R13={method} {0x0000015a3a21a2c8} 'initNativeScale' '(I)V' in 'sun/awt/Win32GraphicsDevice'
R14=0x00000021243fefc8 is pointing into the stack for thread: 0x0000015a3995db70
R15=0x0000015a3995db70 is a thread

Top of Stack: (sp=0x00000021243feec0)
0x00000021243feec0:   0000015a398c6c50 0000000000000001   Pl.9Z...........
0x00000021243feed0:   0000000000000000 0000015a398c6c50   ........Pl.9Z...
0x00000021243feee0:   0000015a398c6c50 00007ffdeaf10062   Pl.9Z...b.......
0x00000021243feef0:   00007ffdeaf6d838 0000015a3a21a2c0   8.........!:Z...
0x00000021243fef00:   0000000000000000 fffffffffffffff7   ................
0x00000021243fef10:   0000000000000001 0000015a2b8ed4f3   ...........+Z...
0x00000021243fef20:   0000015a3a21a2c0 00007ffdc58cbdd8   ..!:Z...........
0x00000021243fef30:   00000021243fefa0 0000015a2b8e8fb2   ..?$!......+Z...
0x00000021243fef40:   00000021243fefa0 0000000000000002   ..?$!...........
0x00000021243fef50:   000000008558c330 fffffffffffffff7   0.X.............
0x00000021243fef60:   0000000000000000 0000000000000005   ................
0x00000021243fef70:   0000015a3a21d828 0000000000000000   (.!:Z...........
0x00000021243fef80:   0000000084f872f0 0000015a3a21a2c0   .r........!:Z...
0x00000021243fef90:   0000000000000000 00000021243fefc0   ..........?$!...
0x00000021243fefa0:   00000021243ff018 0000015a2b8e8e18   ..?$!......+Z...
0x00000021243fefb0:   0000000000000000 0000015a2b8eaa57   ........W..+Z...
0x00000021243fefc0:   0000000000000000 0000000084f0e748   ........H.......
0x00000021243fefd0:   fffffffffffffff7 0000015a3a21a924   ........$.!:Z...
0x00000021243fefe0:   0000000000000002 0000015a3a21d828   ........(.!:Z...
0x00000021243feff0:   0000000000000000 0000000084f872f0   .........r......
0x00000021243ff000:   0000015a3a21a970 fffffffffffffff5   p.!:Z...........
0x00000021243ff010:   00000021243ff028 00000021243ff078   (.?$!...x.?$!...
0x00000021243ff020:   0000015a2b8e8e18 0000000084f0e748   ...+Z...H.......
0x00000021243ff030:   fffffffffffffff7 0000015a3a21c0e0   ..........!:Z...
0x00000021243ff040:   0000000000000003 0000015a3a21d828   ........(.!:Z...
0x00000021243ff050:   0000000000000000 0000000084f872f0   .........r......
0x00000021243ff060:   0000015a3a21c128 fffffffffffffff6   (.!:Z...........
0x00000021243ff070:   00000021243ff090 00000021243ff0e0   ..?$!.....?$!...
0x00000021243ff080:   0000015a2b8e8e18 0000000000000000   ...+Z...........
0x00000021243ff090:   0000000084f0e748 fffffffffffffff7   H...............
0x00000021243ff0a0:   0000015a3a176287 0000000000000008   .b.:Z...........
0x00000021243ff0b0:   0000015a3a17b738 0000000000000000   8..:Z...........

Instructions: (pc=0x00007ffdeaf0e776)
  0x00007ffdeaf0e676:   11 45 d4 0f 11 45 e4 0f 11 45 f4 89 45 04 c7 45
  0x00007ffdeaf0e686:   a0 68 00 00 00 0f 11 44 24 34 0f 11 44 24 44 0f
  0x00007ffdeaf0e696:   11 44 24 54 0f 11 44 24 64 0f 11 44 24 74 0f 11
  0x00007ffdeaf0e6a6:   45 84 89 45 94 c7 44 24 30 68 00 00 00 48 8d 55
  0x00007ffdeaf0e6b6:   a0 49 8b ce ff 15 d0 82 06 00 85 c0 74 41 48 8d
  0x00007ffdeaf0e6c6:   54 24 30 48 8b ce ff 15 be 82 06 00 85 c0 74 2f
  0x00007ffdeaf0e6d6:   48 8d 54 24 34 48 8d 4d a4 ff 15 f3 81 06 00 85
  0x00007ffdeaf0e6e6:   c0 74 1c 48 8d 54 24 44 48 8d 4d b4 ff 15 e0 81
  0x00007ffdeaf0e6f6:   06 00 85 c0 74 09 8b 44 24 54 39 45 c4 74 11 ff
  0x00007ffdeaf0e706:   c7 3b 7b 0c 0f 8c 40 ff ff ff 8b 3d 1a bd 06 00
  0x00007ffdeaf0e716:   48 8b cb e8 82 9e f4 ff 90 8b c7 48 8b 4d 10 48
  0x00007ffdeaf0e726:   33 cc e8 f3 f9 00 00 4c 8d 9c 24 20 01 00 00 49
  0x00007ffdeaf0e736:   8b 5b 28 49 8b 73 30 49 8b e3 41 5e 5f 5d c3 cc
  0x00007ffdeaf0e746:   cc cc cc cc cc cc cc cc cc cc 48 8b 41 08 48 8b
  0x00007ffdeaf0e756:   80 18 0c 00 00 c3 cc cc cc cc 48 8b 41 08 48 05
  0x00007ffdeaf0e766:   00 04 00 00 c3 cc cc cc cc cc 40 53 48 83 ec 20
=>0x00007ffdeaf0e776:   83 79 50 00 48 8b d9 75 56 48 8b 49 28 4c 8d 44
  0x00007ffdeaf0e786:   24 38 48 8d 54 24 30 c7 44 24 30 00 00 80 bf c7
  0x00007ffdeaf0e796:   44 24 38 00 00 80 bf e8 de d7 00 00 f3 0f 10 54
  0x00007ffdeaf0e7a6:   24 30 0f 57 c0 0f 2f d0 76 25 f3 0f 10 4c 24 38
  0x00007ffdeaf0e7b6:   0f 2f c8 76 1a f3 0f 5e 15 79 a5 02 00 f3 0f 5e
  0x00007ffdeaf0e7c6:   0d 71 a5 02 00 f3 0f 11 53 48 f3 0f 11 4b 4c 48
  0x00007ffdeaf0e7d6:   83 c4 20 5b c3 cc cc cc cc cc 48 89 5c 24 10 48
  0x00007ffdeaf0e7e6:   89 74 24 18 48 89 7c 24 20 41 56 48 83 ec 40 48
  0x00007ffdeaf0e7f6:   8b d9 48 83 79 18 00 75 14 b9 28 04 00 00 e8 a7
  0x00007ffdeaf0e806:   8d 00 00 48 89 43 18 c7 00 28 00 00 00 48 8b 43
  0x00007ffdeaf0e816:   18 45 33 f6 66 44 89 70 0e 48 8b 4b 28 e8 68 03
  0x00007ffdeaf0e826:   00 00 48 8b f8 ba 01 00 00 00 44 8b c2 48 8b c8
  0x00007ffdeaf0e836:   ff 15 f4 7d 06 00 48 8b f0 44 89 74 24 30 48 8b
  0x00007ffdeaf0e846:   4b 18 48 89 4c 24 28 4c 89 74 24 20 41 b9 01 00
  0x00007ffdeaf0e856:   00 00 45 33 c0 48 8b d0 48 8b cf ff 15 e9 7c 06
  0x00007ffdeaf0e866:   00 48 8b 53 30 48 8b 0b 83 79 04 08 0f 8e 0f 02


Stack slot to memory mapping:

stack at sp + 0 slots: 0x0000015a398c6c50 points into unknown readable memory: 0x0000015a398fb410 | 10 b4 8f 39 5a 01 00 00
stack at sp + 1 slots: 0x0000000000000001 is an unknown value
stack at sp + 2 slots: 0x0 is null
stack at sp + 3 slots: 0x0000015a398c6c50 points into unknown readable memory: 0x0000015a398fb410 | 10 b4 8f 39 5a 01 00 00
stack at sp + 4 slots: 0x0000015a398c6c50 points into unknown readable memory: 0x0000015a398fb410 | 10 b4 8f 39 5a 01 00 00
stack at sp + 5 slots: 0x00007ffdeaf10062 awt.dll
stack at sp + 6 slots: 0x00007ffdeaf6d838 awt.dll
stack at sp + 7 slots: {method} {0x0000015a3a21a2c8} 'initNativeScale' '(I)V' in 'sun/awt/Win32GraphicsDevice'

Lock stack of current Java thread (top to bottom):

native method entry point (kind = native)  [0x0000015a2b8ed120, 0x0000015a2b8edc10]  2800 bytes

Loading hsdis library failed, undisassembled code is shown in MachCode section
[MachCode]
  0x0000015a2b8ed120: 488b 4b08 | 0fb7 492e | 584c 8d74 | ccf8 6800 | 0000 0068 | 0000 0000 | 5055 488b | ec41 5548 
  0x0000015a2b8ed140: 8b43 084c | 8d68 3848 | 8b40 0868 | 0000 0000 | 5348 8b50 | 1848 8b52 | 7048 8b12 | 5248 8b53 
  0x0000015a2b8ed160: 1048 85d2 | 7407 4881 | c2d0 0000 | 0052 488b | 5010 5249 | 8bc6 482b | c548 c1e8 | 0350 6800 
  0x0000015a2b8ed180: 0000 0068 | f7ff ffff | 41c6 87ca | 0400 0001 | 488b 4310 | 4885 c074 | 208b 8890 | 0000 0083 
  0x0000015a2b8ed1a0: c102 8988 | 9000 0000 | 2388 a400 | 0000 0f84 | ad09 0000 | e9cf 0000 | 0048 8b43 | 1848 85c0 
  0x0000015a2b8ed1c0: 0f85 b000 | 0000 e805 | 0000 00e9 | 9900 0000 | 488b d348 | 8d44 2408 | 4c89 6dc0 | 498b cfc5 
  0x0000015a2b8ed1e0: f877 4989 | af20 0400 | 0049 8987 | 1004 0000 | 4883 ec20 | 40f6 c40f | 0f84 1900 | 0000 4883 
  0x0000015a2b8ed200: ec08 48b8 | 4074 5fc5 | fd7f 0000 | ffd0 4883 | c408 e90c | 0000 0048 | b840 745f | c5fd 7f00 
  0x0000015a2b8ed220: 00ff d048 | 83c4 2049 | c787 1004 | 0000 0000 | 0000 49c7 | 8720 0400 | 0000 0000 | 0049 c787 
  0x0000015a2b8ed240: 1804 0000 | 0000 0000 | c5f8 7749 | 837f 0800 | 0f84 0500 | 0000 e985 | 45ff ff4c | 8b6d c04c 
  0x0000015a2b8ed260: 8b75 c84e | 8d74 f500 | c348 8b43 | 1848 85c0 | 0f84 1200 | 0000 8b48 | 0883 c102 | 8948 0823 
  0x0000015a2b8ed280: 482c 0f84 | d908 0000 | 493b a750 | 0500 000f | 8748 0000 | 0089 8424 | 00f0 ffff | 8984 2400 
  0x0000015a2b8ed2a0: e0ff ff89 | 8424 00d0 | ffff 8984 | 2400 c0ff | ff89 8424 | 00b0 ffff | 8984 2400 | a0ff ff89 
  0x0000015a2b8ed2c0: 8424 0090 | ffff 8984 | 2400 80ff | ff49 3ba7 | 4805 0000 | 7607 4989 | a750 0500 | 0041 c687 
  0x0000015a2b8ed2e0: ca04 0000 | 0048 8b5d | e84c 8b5b | 0845 0fb7 | 5b2e 41c1 | e303 492b | e348 83ec | 2048 83e4 
  0x0000015a2b8ed300: f04c 8b5b | 604d 85db | 0f85 ab00 | 0000 e805 | 0000 00e9 | 9900 0000 | 488b d348 | 8d44 2408 
  0x0000015a2b8ed320: 4c89 6dc0 | 498b cfc5 | f877 4989 | af20 0400 | 0049 8987 | 1004 0000 | 4883 ec20 | 40f6 c40f 
  0x0000015a2b8ed340: 0f84 1900 | 0000 4883 | ec08 48b8 | 009e 5fc5 | fd7f 0000 | ffd0 4883 | c408 e90c | 0000 0048 
  0x0000015a2b8ed360: b800 9e5f | c5fd 7f00 | 00ff d048 | 83c4 2049 | c787 1004 | 0000 0000 | 0000 49c7 | 8720 0400 
  0x0000015a2b8ed380: 0000 0000 | 0049 c787 | 1804 0000 | 0000 0000 | c5f8 7749 | 837f 0800 | 0f84 0500 | 0000 e93d 
  0x0000015a2b8ed3a0: 44ff ff4c | 8b6d c04c | 8b75 c84e | 8d74 f500 | c348 8b5d | e84c 8b5b | 6041 ffd3 | 488b 5de8 
  0x0000015a2b8ed3c0: 4889 4518 | 440f b75b | 2c41 f6c3 | 080f 841b | 0000 004c | 8b5b 084d | 8b5b 084d | 8b5b 184d 
  0x0000015a2b8ed3e0: 8b5b 704d | 8b1b 4c89 | 5d10 488d | 5510 488b | 4358 49ba | 1050 9cc5 | fd7f 0000 | 493b c20f 
  0x0000015a2b8ed400: 85ab 0000 | 00e8 0500 | 0000 e999 | 0000 0048 | 8bd3 488d | 4424 084c | 896d c049 | 8bcf c5f8 
  0x0000015a2b8ed420: 7749 89af | 2004 0000 | 4989 8710 | 0400 0048 | 83ec 2040 | f6c4 0f0f | 8419 0000 | 0048 83ec 
  0x0000015a2b8ed440: 0848 b800 | 9e5f c5fd | 7f00 00ff | d048 83c4 | 08e9 0c00 | 0000 48b8 | 009e 5fc5 | fd7f 0000 
  0x0000015a2b8ed460: ffd0 4883 | c420 49c7 | 8710 0400 | 0000 0000 | 0049 c787 | 2004 0000 | 0000 0000 | 49c7 8718 
  0x0000015a2b8ed480: 0400 0000 | 0000 00c5 | f877 4983 | 7f08 000f | 8405 0000 | 00e9 4643 | ffff 4c8b | 6dc0 4c8b 
  0x0000015a2b8ed4a0: 75c8 4e8d | 74f5 00c3 | 488b 5de8 | 488b 4358 | 498d 8f30 | 0400 004c | 8d15 d500 | 0000 4d89 
  0x0000015a2b8ed4c0: 9718 0400 | 00c5 f877 | 4989 af20 | 0400 0049 | 89a7 1004 | 0000 41c7 | 87ac 0400 | 0004 0000 
  0x0000015a2b8ed4e0: 0049 3ba7 | a805 0000 | 7607 4989 | a7a8 0500 | 00ff d049 | 3ba7 a805 | 0000 720b | 49c7 87a8 
  0x0000015a2b8ed500: 0500 0000 | 0000 00c5 | f877 4883 | ec10 c5fb | 1104 2448 | 83ec 1048 | 8904 2448 | c744 2408 
  0x0000015a2b8ed520: 0000 0000 | 41c7 87ac | 0400 0005 | 0000 00f0 | 8344 24c0 | 0049 3b6f | 280f 870e | 0000 0041 
  0x0000015a2b8ed540: 83bf a804 | 0000 000f | 8420 0000 | 0049 8bcf | 4c8b e448 | 83ec 2048 | 83e4 f048 | b850 0661 
  0x0000015a2b8ed560: c5fd 7f00 | 00ff d049 | 8be4 4d33 | e441 c787 | ac04 0000 | 0800 0000 | 4d8b 97c0 | 0500 0049 
  0x0000015a2b8ed580: 83fa 0074 | 3549 c787 | c005 0000 | 0000 0000 | 41ff e249 | ba60 c18e | 2b5a 0100 | 0041 ffd2 
  0x0000015a2b8ed5a0: 4883 ec10 | c5fb 1104 | 2448 83ec | 1048 8904 | 2448 c744 | 2408 0000 | 0000 49c7 | 8710 0400 
  0x0000015a2b8ed5c0: 0000 0000 | 0049 c787 | 2004 0000 | 0000 0000 | 49c7 8718 | 0400 0000 | 0000 00c5 | f877 4d8b 
  0x0000015a2b8ed5e0: 9f90 0400 | 0041 c783 | 0001 0000 | 0000 0000 | 49bb 5aaa | 8e2b 5a01 | 0000 4c3b | 5d18 0f85 
  0x0000015a2b8ed600: 5001 0000 | 488b 0424 | 4883 c410 | 4885 c00f | 842a 0100 | 00a8 030f | 8508 0000 | 0048 8b00 
  0x0000015a2b8ed620: e91a 0100 | 00a8 010f | 8509 0000 | 0048 8b40 | fee9 0901 | 0000 488b | 40ff 4180 | 7f48 000f 
  0x0000015a2b8ed640: 84fa 0000 | 0048 85c0 | 0f84 f100 | 0000 4d8b | 5f38 4d85 | db74 1449 | 83eb 084d | 895f 384d 
  0x0000015a2b8ed660: 035f 4049 | 8903 e9d4 | 0000 0048 | 83ec 7048 | 8904 2448 | 894c 2408 | 4889 5424 | 104c 8944 
  0x0000015a2b8ed680: 2418 4c89 | 4c24 204c | 8954 2428 | 4c89 5c24 | 30c5 fb11 | 4424 40c5 | fb11 4c24 | 48c5 fb11 
  0x0000015a2b8ed6a0: 5424 50c5 | fb11 5c24 | 58c5 fb11 | 6424 60c5 | fb11 6c24 | 6849 8bd7 | 488b c848 | 83ec 2040 
  0x0000015a2b8ed6c0: f6c4 0f0f | 8419 0000 | 0048 83ec | 0848 b880 | ad53 c5fd | 7f00 00ff | d048 83c4 | 08e9 0c00 
  0x0000015a2b8ed6e0: 0000 48b8 | 80ad 53c5 | fd7f 0000 | ffd0 4883 | c420 c5fb | 106c 2468 | c5fb 1064 | 2460 c5fb 
  0x0000015a2b8ed700: 105c 2458 | c5fb 1054 | 2450 c5fb | 104c 2448 | c5fb 1044 | 2440 4c8b | 5c24 304c | 8b54 2428 
  0x0000015a2b8ed720: 4c8b 4c24 | 204c 8b44 | 2418 488b | 5424 1048 | 8b4c 2408 | 488b 0424 | 4883 c470 | c5f8 7748 
  0x0000015a2b8ed740: 8945 1048 | 83ec 1048 | 8904 2448 | c744 2408 | 0000 0000 | 4183 bf30 | 0500 0002 | 0f85 bf00 
  0x0000015a2b8ed760: 0000 4881 | ec80 0000 | 0048 8944 | 2478 4889 | 4c24 7048 | 8954 2468 | 4889 5c24 | 6048 896c 
  0x0000015a2b8ed780: 2450 4889 | 7424 4848 | 897c 2440 | 4c89 4424 | 384c 894c | 2430 4c89 | 5424 284c | 895c 2420 
  0x0000015a2b8ed7a0: 4c89 6424 | 184c 896c | 2410 4c89 | 7424 084c | 893c 244c | 8be4 4883 | ec20 4883 | e4f0 48b8 
  0x0000015a2b8ed7c0: 9037 9cc5 | fd7f 0000 | ffd0 498b | e44c 8b3c | 244c 8b74 | 2408 4c8b | 6c24 104c | 8b64 2418 
  0x0000015a2b8ed7e0: 4c8b 5c24 | 204c 8b54 | 2428 4c8b | 4c24 304c | 8b44 2438 | 488b 7c24 | 4048 8b74 | 2448 488b 
  0x0000015a2b8ed800: 6c24 5048 | 8b5c 2460 | 488b 5424 | 6848 8b4c | 2470 488b | 4424 7848 | 81c4 8000 | 0000 4d33 
  0x0000015a2b8ed820: e448 8b5d | e84c 8b6b | 084d 8d6d | 3849 837f | 0800 0f84 | bb00 0000 | e805 0000 | 00e9 9600 
  0x0000015a2b8ed840: 0000 488d | 4424 084c | 896d c049 | 8bcf c5f8 | 7749 89af | 2004 0000 | 4989 8710 | 0400 0048 
  0x0000015a2b8ed860: 83ec 2040 | f6c4 0f0f | 8419 0000 | 0048 83ec | 0848 b830 | bc5f c5fd | 7f00 00ff | d048 83c4 
  0x0000015a2b8ed880: 08e9 0c00 | 0000 48b8 | 30bc 5fc5 | fd7f 0000 | ffd0 4883 | c420 49c7 | 8710 0400 | 0000 0000 
  0x0000015a2b8ed8a0: 0049 c787 | 2004 0000 | 0000 0000 | 49c7 8718 | 0400 0000 | 0000 00c5 | f877 4983 | 7f08 000f 
  0x0000015a2b8ed8c0: 8405 0000 | 00e9 163f | ffff 4c8b | 6dc0 4c8b | 75c8 4e8d | 74f5 00c3 | 48b9 3872 | c7c5 fd7f 
  0x0000015a2b8ed8e0: 0000 4883 | e4f0 48b8 | 30e5 88c5 | fd7f 0000 | ffd0 f444 | 0fb7 5b2c | 41f6 c320 | 0f84 7201 
  0x0000015a2b8ed900: 0000 488d | 55a8 4c8b | 5a08 4d85 | db0f 85bb | 0000 00e8 | 0500 0000 | e996 0000 | 0048 8d44 
  0x0000015a2b8ed920: 2408 4c89 | 6dc0 498b | cfc5 f877 | 4989 af20 | 0400 0049 | 8987 1004 | 0000 4883 | ec20 40f6 
  0x0000015a2b8ed940: c40f 0f84 | 1900 0000 | 4883 ec08 | 48b8 60bb | 5fc5 fd7f | 0000 ffd0 | 4883 c408 | e90c 0000 
  0x0000015a2b8ed960: 0048 b860 | bb5f c5fd | 7f00 00ff | d048 83c4 | 2049 c787 | 1004 0000 | 0000 0000 | 49c7 8720 
  0x0000015a2b8ed980: 0400 0000 | 0000 0049 | c787 1804 | 0000 0000 | 0000 c5f8 | 7749 837f | 0800 0f84 | 0500 0000 
  0x0000015a2b8ed9a0: e93b 3eff | ff4c 8b6d | c04c 8b75 | c84e 8d74 | f500 c348 | b938 72c7 | c5fd 7f00 | 0048 83e4 
  0x0000015a2b8ed9c0: f048 b830 | e588 c5fd | 7f00 00ff | d0f4 4c89 | 6dc0 4c8b | 4a08 48c7 | 4208 0000 | 0000 458b 
  0x0000015a2b8ed9e0: 87c8 0600 | 004f 3b4c | 07f8 0f85 | 4200 0000 | 4183 afc8 | 0600 0008 | 4f3b 4c07 | f00f 842a 
  0x0000015a2b8eda00: 0000 0049 | 8b01 a802 | 0f85 1200 | 0000 4c8b | c049 83c8 | 01f0 4d0f | b101 0f84 | 0d00 0000 
  0x0000015a2b8eda20: 4183 87c8 | 0600 0008 | e905 0000 | 00e9 3e00 | 0000 4c89 | 4a08 488b | ca48 83ec | 2040 f6c4 
  0x0000015a2b8eda40: 0f0f 8419 | 0000 0048 | 83ec 0848 | b890 8d5f | c5fd 7f00 | 00ff d048 | 83c4 08e9 | 0c00 0000 
  0x0000015a2b8eda60: 48b8 908d | 5fc5 fd7f | 0000 ffd0 | 4883 c420 | 4c8b 6dc0 | 41c6 877e | 0300 0001 | 493b 6f28 
  0x0000015a2b8eda80: 0f87 0500 | 0000 e9ab | 0000 0048 | 83ec 10c5 | fb11 0424 | 4883 ec10 | 4889 0424 | 48c7 4424 
  0x0000015a2b8edaa0: 0800 0000 | 00c5 f877 | 4989 af20 | 0400 0049 | baa5 da8e | 2b5a 0100 | 004d 8997 | 1804 0000 
  0x0000015a2b8edac0: 4989 a710 | 0400 0049 | 8bcf 4883 | ec20 40f6 | c40f 0f84 | 1900 0000 | 4883 ec08 | 48b8 d073 
  0x0000015a2b8edae0: 5fc5 fd7f | 0000 ffd0 | 4883 c408 | e90c 0000 | 0048 b8d0 | 735f c5fd | 7f00 00ff | d048 83c4 
  0x0000015a2b8edb00: 2049 c787 | 1004 0000 | 0000 0000 | 49c7 8720 | 0400 0000 | 0000 0049 | c787 1804 | 0000 0000 
  0x0000015a2b8edb20: 0000 c5f8 | 7748 8b04 | 2448 83c4 | 10c5 fb10 | 0424 4883 | c410 488b | 0424 4883 | c410 c5fb 
  0x0000015a2b8edb40: 1004 2448 | 83c4 104c | 8b5d 1841 | ffd3 4c8b | 5df8 c941 | c687 7e03 | 0000 005f | 498b e3ff 
  0x0000015a2b8edb60: e7ba 0000 | 0000 e805 | 0000 00e9 | 9600 0000 | 488d 4424 | 084c 896d | c049 8bcf | c5f8 7749 
  0x0000015a2b8edb80: 89af 2004 | 0000 4989 | 8710 0400 | 0048 83ec | 2040 f6c4 | 0f0f 8419 | 0000 0048 | 83ec 0848 
  0x0000015a2b8edba0: b890 835f | c5fd 7f00 | 00ff d048 | 83c4 08e9 | 0c00 0000 | 48b8 9083 | 5fc5 fd7f | 0000 ffd0 
  0x0000015a2b8edbc0: 4883 c420 | 49c7 8710 | 0400 0000 | 0000 0049 | c787 2004 | 0000 0000 | 0000 49c7 | 8718 0400 
  0x0000015a2b8edbe0: 0000 0000 | 00c5 f877 | 4983 7f08 | 000f 8405 | 0000 00e9 | e83b ffff | 4c8b 6dc0 | 4c8b 75c8 
  0x0000015a2b8edc00: 4e8d 74f5 | 00c3 488b | 5de8 e979 | f6ff ff90 
[/MachCode]

---------------  P R O C E S S  ---------------

Threads class SMR info:
_java_thread_list=0x0000015a39b1a200, length=16, elements={
0x0000015a38f68220, 0x0000015a38f68c70, 0x0000015a38f72210, 0x0000015a38f73dd0,
0x0000015a38f76990, 0x0000015a38f7d560, 0x0000015a38f7e980, 0x0000015a38f8b680,
0x0000015a3901e820, 0x0000015a3904a610, 0x0000015a393b1590, 0x0000015a397cb920,
0x0000015a393b20a0, 0x0000015a3995db70, 0x0000015a1938d540, 0x0000015a39b3e900
}

Java Threads: ( => current thread )
  0x0000015a38f68220 JavaThread "Reference Handler"          daemon [_thread_blocked, id=11128, stack(0x0000002123300000,0x0000002123400000) (1024K)]
  0x0000015a38f68c70 JavaThread "Finalizer"                  daemon [_thread_blocked, id=25760, stack(0x0000002123400000,0x0000002123500000) (1024K)]
  0x0000015a38f72210 JavaThread "Signal Dispatcher"          daemon [_thread_blocked, id=21272, stack(0x0000002123500000,0x0000002123600000) (1024K)]
  0x0000015a38f73dd0 JavaThread "Attach Listener"            daemon [_thread_blocked, id=20364, stack(0x0000002123600000,0x0000002123700000) (1024K)]
  0x0000015a38f76990 JavaThread "Service Thread"             daemon [_thread_blocked, id=11420, stack(0x0000002123700000,0x0000002123800000) (1024K)]
  0x0000015a38f7d560 JavaThread "Monitor Deflation Thread"   daemon [_thread_blocked, id=23372, stack(0x0000002123800000,0x0000002123900000) (1024K)]
  0x0000015a38f7e980 JavaThread "C2 CompilerThread0"         daemon [_thread_blocked, id=12176, stack(0x0000002123900000,0x0000002123a00000) (1024K)]
  0x0000015a38f8b680 JavaThread "C1 CompilerThread0"         daemon [_thread_blocked, id=20012, stack(0x0000002123a00000,0x0000002123b00000) (1024K)]
  0x0000015a3901e820 JavaThread "Notification Thread"        daemon [_thread_blocked, id=10728, stack(0x0000002123b00000,0x0000002123c00000) (1024K)]
  0x0000015a3904a610 JavaThread "Common-Cleaner"             daemon [_thread_blocked, id=4396, stack(0x0000002123c00000,0x0000002123d00000) (1024K)]
  0x0000015a393b1590 JavaThread "Java2D Disposer"            daemon [_thread_blocked, id=17712, stack(0x0000002123d00000,0x0000002123e00000) (1024K)]
  0x0000015a397cb920 JavaThread "AWT-Shutdown"                      [_thread_blocked, id=10320, stack(0x0000002123e00000,0x0000002123f00000) (1024K)]
  0x0000015a393b20a0 JavaThread "AWT-Windows"                daemon [_thread_in_native, id=21372, stack(0x0000002123f00000,0x0000002124000000) (1024K)]
=>0x0000015a3995db70 JavaThread "AWT-EventQueue-0"                  [_thread_in_native, id=17716, stack(0x0000002124300000,0x0000002124400000) (1024K)]
  0x0000015a1938d540 JavaThread "DestroyJavaVM"                     [_thread_blocked, id=23924, stack(0x0000002122a00000,0x0000002122b00000) (1024K)]
  0x0000015a39b3e900 JavaThread "TimerQueue"                 daemon [_thread_blocked, id=20636, stack(0x0000002124900000,0x0000002124a00000) (1024K)]
Total: 16

Other Threads:
  0x0000015a38f56470 VMThread "VM Thread"                           [id=22980, stack(0x0000002123200000,0x0000002123300000) (1024K)]
  0x0000015a38f45460 WatcherThread "VM Periodic Task Thread"        [id=3756, stack(0x0000002123100000,0x0000002123200000) (1024K)]
  0x0000015a1b73cbd0 WorkerThread "GC Thread#0"                     [id=16676, stack(0x0000002122b00000,0x0000002122c00000) (1024K)]
  0x0000015a39918c50 WorkerThread "GC Thread#1"                     [id=23128, stack(0x0000002124000000,0x0000002124100000) (1024K)]
  0x0000015a39919070 WorkerThread "GC Thread#2"                     [id=12976, stack(0x0000002124100000,0x0000002124200000) (1024K)]
  0x0000015a3991d4a0 WorkerThread "GC Thread#3"                     [id=26028, stack(0x0000002124200000,0x0000002124300000) (1024K)]
  0x0000015a39931330 WorkerThread "GC Thread#4"                     [id=14940, stack(0x0000002124700000,0x0000002124800000) (1024K)]
  0x0000015a39933e50 WorkerThread "GC Thread#5"                     [id=25972, stack(0x0000002124800000,0x0000002124900000) (1024K)]
  0x0000015a1b754bf0 ConcurrentGCThread "G1 Main Marker"            [id=25520, stack(0x0000002122c00000,0x0000002122d00000) (1024K)]
  0x0000015a1b757350 WorkerThread "G1 Conc#0"                       [id=14976, stack(0x0000002122d00000,0x0000002122e00000) (1024K)]
  0x0000015a1b7a2f20 WorkerThread "G1 Refinement Workers#0"         [id=25876, stack(0x0000002122f00000,0x0000002123000000) (1024K)]
  0x0000015a1b79e550 ConcurrentGCThread "G1 Refine Control"         [id=26604, stack(0x0000002122e00000,0x0000002122f00000) (1024K)]
  0x0000015a1b7a56f0 ConcurrentGCThread "G1 Service"                [id=17476, stack(0x0000002123000000,0x0000002123100000) (1024K)]
Total: 13

Threads with active compile tasks:
Total: 0

VM state: not at safepoint (normal execution)

VM Mutex/Monitor currently owned by a thread: None

Heap address: 0x0000000084e00000, size: 1970 MB, Compressed Oops mode: 32-bit

CDS archive(s) mapped at: [0x0000000033000000-0x0000000033de0000-0x0000000033de0000), size 14548992, SharedBaseAddress: 0x0000000033000000, ArchiveRelocationMode: 1.
Compressed class space mapped at: 0x0000000034000000-0x0000000074000000, reserved size: 1073741824
UseCompressedClassPointers 1, UseCompactObjectHeaders 0
Narrow klass pointer bits 32, Max shift 3
Narrow klass base: 0x0000000033000000, Narrow klass shift: 0
Encoding Range: [0x0000000033000000 - 0x0000000133000000), (4294967296 bytes)
Klass Range:    [0x0000000033000000 - 0x0000000074000000), (1090519040 bytes)
Klass ID Range:  [8 - 1090519033) (1090519025)
Protection zone: [0x0000000033000000 - 0x0000000033010000), (65536 bytes)

GC Precious Log:
 CardTable entry size: 512
 Card Set container configuration: InlinePtr #cards 5 size 8 Array Of Cards #cards 10 size 36 Howl #buckets 4 coarsen threshold 1843 Howl Bitmap #cards 512 size 80 coarsen threshold 460 Card regions per heap region 1 cards per card region 2048
 CPUs: 12 total, 12 available
 Memory: 7876M
 Large Page Support: Disabled
 NUMA Support: Disabled
 Compressed Oops: Enabled (32-bit)
 Heap Region Size: 1M
 Heap Min Capacity: 8M
 Heap Initial Capacity: 8M
 Heap Max Capacity: 1970M
 Pre-touch: Disabled
 Parallel Workers: 10
 Concurrent Workers: 3
 Concurrent Refinement Workers: 10
 Periodic GC: Disabled

Heap:
 garbage-first heap   total reserved 2017280K, committed 10240K, used 3525K [0x0000000084e00000, 0x0000000100000000)
  region size 1M, 1 eden (1M), 1 survivor (1M), 3 old (3M), 1 humongous (1M), 4 free (4M)

Heap Regions: E=young(eden), S=young(survivor), O=old, HS=humongous(starts), HC=humongous(continues), CS=collection set, F=free, TAMS=top-at-mark-start, PB=parsable bottom
|    0|0x0000000084e00000, 0x0000000084f00000, 0x0000000084f00000|100%|HS|  |TAMS 0x0000000084e00000| PB 0x0000000084e00000| Complete  |  0
|    1|0x0000000084f00000, 0x0000000084f981c0, 0x0000000085000000| 59%| O|  |TAMS 0x0000000084f00000| PB 0x0000000084f00000| Untracked |  0
|    2|0x0000000085000000, 0x0000000085000000, 0x0000000085100000|  0%| F|  |TAMS 0x0000000085000000| PB 0x0000000085000000| Untracked |  0
|    3|0x0000000085100000, 0x0000000085100000, 0x0000000085200000|  0%| F|  |TAMS 0x0000000085100000| PB 0x0000000085100000| Untracked |  0
|    4|0x0000000085200000, 0x00000000852b06f8, 0x0000000085300000| 68%| S|CS|TAMS 0x0000000085200000| PB 0x0000000085200000| Complete  |  0
|    5|0x0000000085300000, 0x0000000085300000, 0x0000000085400000|  0%| F|  |TAMS 0x0000000085300000| PB 0x0000000085300000| Untracked |  0
|    6|0x0000000085400000, 0x0000000085400000, 0x0000000085500000|  0%| F|  |TAMS 0x0000000085400000| PB 0x0000000085400000| Untracked |  0
|    7|0x0000000085500000, 0x00000000855f14e0, 0x0000000085600000| 94%| E|CS|TAMS 0x0000000085500000| PB 0x0000000085500000| Complete  |  0
| 1968|0x00000000ffe00000, 0x00000000fff00000, 0x00000000fff00000|100%| O|  |TAMS 0x00000000ffe00000| PB 0x00000000ffe00000| Untracked |  0
| 1969|0x00000000fff00000, 0x00000000fff28d80, 0x0000000100000000| 15%| O|  |TAMS 0x00000000fff00000| PB 0x00000000fff00000| Untracked |  0

Card table byte_map: [0x0000015a33cf0000,0x0000015a340d0000] _byte_map_base: 0x0000015a338c9000
Refinement table byte_map: [0x0000015a340d0000,0x0000015a344b0000] _byte_map_base: 0x0000015a33ca9000

Marking Bits: (CMBitMap*) 0x0000015a1b73d150
 Bits: [0x0000015a344b0000, 0x0000015a36378000)

Polling page: 0x0000015a196d0000

Metaspace:
Metaspace        used 8070K, committed 8320K, reserved 1114112K
 class space     used 897K, committed 1024K, reserved 1048576K

Usage:
  Non-class:      7.01 MB used.
      Class:    897.62 KB used.
       Both:      7.88 MB used.

Virtual space:
  Non-class space:       64.00 MB reserved,       7.12 MB ( 11%) committed,  1 nodes.
      Class space:        1.00 GB reserved,       1.00 MB ( <1%) committed,  1 nodes.
             Both:        1.06 GB reserved,       8.12 MB ( <1%) committed. 

Chunk freelists:
   Non-Class:  8.48 MB
       Class:  15.04 MB
        Both:  23.52 MB

MaxMetaspaceSize: unlimited
CompressedClassSpaceSize: 1.00 GB
Initial GC threshold: 21.00 MB
Current GC threshold: 21.00 MB
CDS: on
 - commit_granule_bytes: 65536.
 - commit_granule_words: 8192.
 - virtual_space_node_default_size: 8388608.
 - enlarge_chunks_in_place: 1.
UseCompressedClassPointers 1, UseCompactObjectHeaders 0
Narrow klass pointer bits 32, Max shift 3
Narrow klass base: 0x0000000033000000, Narrow klass shift: 0
Encoding Range: [0x0000000033000000 - 0x0000000133000000), (4294967296 bytes)
Klass Range:    [0x0000000033000000 - 0x0000000074000000), (1090519040 bytes)
Klass ID Range:  [8 - 1090519033) (1090519025)
Protection zone: [0x0000000033000000 - 0x0000000033010000), (65536 bytes)


Internal statistics:

num_allocs_failed_limit: 0.
num_arena_births: 94.
num_arena_deaths: 0.
num_vsnodes_births: 2.
num_vsnodes_deaths: 0.
num_space_committed: 130.
num_space_uncommitted: 0.
num_chunks_returned_to_freelist: 0.
num_chunks_taken_from_freelist: 146.
num_chunk_merges: 0.
num_chunk_splits: 76.
num_chunks_enlarged: 19.
num_inconsistent_stats: 0.

CodeHeap 'non-profiled nmethods': size=120064Kb used=238Kb max_used=238Kb free=119825Kb
 bounds [0x0000015a2be80000, 0x0000015a2c0f0000, 0x0000015a333c0000]
CodeHeap 'profiled nmethods': size=120064Kb used=1089Kb max_used=1089Kb free=118974Kb
 bounds [0x0000015a243a0000, 0x0000015a24610000, 0x0000015a2b8e0000]
CodeHeap 'non-nmethods': size=5760Kb used=1516Kb max_used=1529Kb free=4243Kb
 bounds [0x0000015a2b8e0000, 0x0000015a2bb50000, 0x0000015a2be80000]
CodeCache: size=245888Kb, used=2843Kb, max_used=2856Kb, free=243042Kb
 total_blobs=1566, nmethods=927, adapters=544, full_count=0
Compilation: enabled, stopped_count=0, restarted_count=0

Compilation events (20 events):
Event: 105.249 Thread 0x0000015a38f8b680 nmethod 914 0x0000015a244ae108 code [0x0000015a244ae200, 0x0000015a244ae410]
Event: 105.874 Thread 0x0000015a38f8b680  915       3       sun.util.locale.LocaleUtils::isUpper (18 bytes)
Event: 105.874 Thread 0x0000015a38f8b680 nmethod 915 0x0000015a244ae488 code [0x0000015a244ae580, 0x0000015a244ae6d0]
Event: 1314.653 Thread 0x0000015a38f8b680  918       3       java.util.ImmutableCollections$List12::<init> (20 bytes)
Event: 1314.674 Thread 0x0000015a38f8b680 nmethod 918 0x0000015a244ae788 code [0x0000015a244ae880, 0x0000015a244aecf8]
Event: 1314.755 Thread 0x0000015a38f8b680  919       3       jdk.internal.misc.Unsafe::getAndBitwiseAndInt (27 bytes)
Event: 1314.764 Thread 0x0000015a38f8b680 nmethod 919 0x0000015a244aed08 code [0x0000015a244aee00, 0x0000015a244af090]
Event: 1314.941 Thread 0x0000015a38f8b680  920       3       java.util.HashMap$KeyIterator::next (8 bytes)
Event: 1314.942 Thread 0x0000015a38f8b680 nmethod 920 0x0000015a244af108 code [0x0000015a244af200, 0x0000015a244af3b8]
Event: 1314.946 Thread 0x0000015a38f8b680  921       3       java.nio.Buffer::flip (20 bytes)
Event: 1314.946 Thread 0x0000015a38f8b680 nmethod 921 0x0000015a244af408 code [0x0000015a244af500, 0x0000015a244af610]
Event: 1314.946 Thread 0x0000015a38f8b680  922       3       java.nio.ByteBuffer::flip (7 bytes)
Event: 1314.946 Thread 0x0000015a38f8b680 nmethod 922 0x0000015a244af708 code [0x0000015a244af800, 0x0000015a244af970]
Event: 1314.952 Thread 0x0000015a38f8b680  924       3       java.lang.String::getChars (55 bytes)
Event: 1314.958 Thread 0x0000015a38f8b680 nmethod 924 0x0000015a244afa08 code [0x0000015a244afb00, 0x0000015a244b0350]
Event: 1314.958 Thread 0x0000015a38f8b680  925       3       java.lang.StringLatin1::getChars (12 bytes)
Event: 1314.958 Thread 0x0000015a38f8b680 nmethod 925 0x0000015a244b0388 code [0x0000015a244b0480, 0x0000015a244b0598]
Event: 1314.959 Thread 0x0000015a38f8b680  926       1       java.nio.Buffer::capacity (5 bytes)
Event: 1314.959 Thread 0x0000015a38f8b680 nmethod 926 0x0000015a2bebb308 code [0x0000015a2bebb400, 0x0000015a2bebb4b8]
Event: 1315.641 Thread 0x0000015a38f7e980  927       4       java.util.Arrays::binarySearch0 (95 bytes)

GC Heap Usage History (4 events):
Event: 0.864 {heap Before GC invocations=0 (full 0):
 garbage-first heap   total reserved 2017280K, committed 10240K, used 5283K [0x0000000084e00000, 0x0000000100000000)
  region size 1M, 4 eden (4M), 0 survivor (0M), 2 old (2M), 0 humongous (0M), 4 free (4M)
}
Event: 0.871 {heap After GC invocations=1 (full 0):
 garbage-first heap   total reserved 2017280K, committed 10240K, used 1987K [0x0000000084e00000, 0x0000000100000000)
  region size 1M, 0 eden (0M), 1 survivor (1M), 2 old (2M), 0 humongous (0M), 7 free (7M)
}
Event: 1.631 {heap Before GC invocations=1 (full 0):
 garbage-first heap   total reserved 2017280K, committed 10240K, used 6083K [0x0000000084e00000, 0x0000000100000000)
  region size 1M, 3 eden (3M), 1 survivor (1M), 2 old (2M), 1 humongous (1M), 3 free (3M)
}
Event: 1.638 {heap After GC invocations=2 (full 0):
 garbage-first heap   total reserved 2017280K, committed 10240K, used 3525K [0x0000000084e00000, 0x0000000100000000)
  region size 1M, 0 eden (0M), 1 survivor (1M), 3 old (3M), 1 humongous (1M), 5 free (5M)
}

Metaspace Usage History (4 events):
Event: 0.864 {metaspace Before GC invocations=0 (full 0):
 Metaspace       used 3884K, committed 4032K, reserved 1114112K
  class space    used 381K, committed 448K, reserved 1048576K
}
Event: 0.871 {metaspace After GC invocations=1 (full 0):
 Metaspace       used 3884K, committed 4032K, reserved 1114112K
  class space    used 381K, committed 448K, reserved 1048576K
}
Event: 1.631 {metaspace Before GC invocations=1 (full 0):
 Metaspace       used 7689K, committed 7872K, reserved 1114112K
  class space    used 864K, committed 960K, reserved 1048576K
}
Event: 1.638 {metaspace After GC invocations=2 (full 0):
 Metaspace       used 7689K, committed 7872K, reserved 1114112K
  class space    used 864K, committed 960K, reserved 1048576K
}

Dll operation events (14 events):
Event: 0.030 Attempting to load shared library C:\Program Files\Java\jdk-26.0.1\bin\java.dll
Event: 0.035 Loaded shared library C:\Program Files\Java\jdk-26.0.1\bin\java.dll
Event: 0.297 Attempting to load shared library C:\Program Files\Java\jdk-26.0.1\bin\jimage.dll
Event: 0.297 Loaded shared library C:\Program Files\Java\jdk-26.0.1\bin\jimage.dll
Event: 0.302 Attempting to load shared library C:\Program Files\Java\jdk-26.0.1\bin\net.dll
Event: 0.304 Loaded shared library C:\Program Files\Java\jdk-26.0.1\bin\net.dll
Event: 0.309 Attempting to load shared library C:\Program Files\Java\jdk-26.0.1\bin\nio.dll
Event: 0.312 Loaded shared library C:\Program Files\Java\jdk-26.0.1\bin\nio.dll
Event: 0.343 Attempting to load shared library C:\Program Files\Java\jdk-26.0.1\bin\awt.dll
Event: 0.354 Loaded shared library C:\Program Files\Java\jdk-26.0.1\bin\awt.dll
Event: 1.179 Attempting to load shared library C:\Program Files\Java\jdk-26.0.1\bin\freetype.dll
Event: 1.180 Loaded shared library C:\Program Files\Java\jdk-26.0.1\bin\freetype.dll
Event: 1.182 Attempting to load shared library C:\Program Files\Java\jdk-26.0.1\bin\fontmanager.dll
Event: 1.183 Loaded shared library C:\Program Files\Java\jdk-26.0.1\bin\fontmanager.dll

Deoptimization events (4 events):
Event: 1.628 Thread 0x0000015a3995db70 Uncommon trap: trap_request=0xffffff54 fr.pc=0x0000015a2bead860 relative=0x0000000000000060
Event: 1.628 Thread 0x0000015a3995db70 Uncommon trap: reason=speculate_null_check action=make_not_entrant pc=0x0000015a2bead860 method=jdk.internal.misc.Unsafe.getIntUnaligned(Ljava/lang/Object;JZ)I @ 5 c2
Event: 1.628 Thread 0x0000015a3995db70 DEOPT PACKING pc=0x0000015a2bead860 sp=0x00000021243fd490
Event: 1.628 Thread 0x0000015a3995db70 DEOPT UNPACKING pc=0x0000015a2ba02602 sp=0x00000021243fd3e8 mode 2

Classes loaded (20 events):
Event: 105.859 Loading class sun/awt/SunToolkit$1
Event: 105.860 Loading class sun/awt/SunToolkit$1 done
Event: 1314.817 Loading class java/util/WeakHashMap$KeyIterator
Event: 1314.828 Loading class java/util/WeakHashMap$HashIterator
Event: 1314.836 Loading class java/util/WeakHashMap$HashIterator done
Event: 1314.837 Loading class java/util/WeakHashMap$KeyIterator done
Event: 1314.848 Loading class javax/swing/RepaintManager$DisplayChangedRunnable
Event: 1314.853 Loading class javax/swing/RepaintManager$DisplayChangedRunnable done
Event: 1314.885 Loading class java/awt/IllegalComponentStateException
Event: 1314.889 Loading class java/awt/IllegalComponentStateException done
Event: 1314.890 Loading class java/lang/InterruptedException
Event: 1314.891 Loading class java/lang/InterruptedException done
Event: 1314.917 Loading class java/lang/Throwable$WrappedPrintStream
Event: 1314.918 Loading class java/lang/Throwable$PrintStreamOrWriter
Event: 1314.918 Loading class java/lang/Throwable$PrintStreamOrWriter done
Event: 1314.918 Loading class java/lang/Throwable$WrappedPrintStream done
Event: 1314.929 Loading class java/lang/StackTraceElement$HashedModules
Event: 1314.932 Loading class java/lang/StackTraceElement$HashedModules done
Event: 1314.948 Loading class java/awt/AWTError
Event: 1314.950 Loading class java/awt/AWTError done

Classes unloaded (0 events):
No events

Classes redefined (0 events):
No events

Internal exceptions (20 events):
Event: 1314.952 Thread 0x0000015a3995db70 Exception <a 'java/io/IOException'{0x0000000085583420}> (0x0000000085583420) 
thrown [s\open\src\hotspot\share\prims\jni.cpp, line 514]
Event: 1314.952 Thread 0x0000015a3995db70 Exception <a 'java/io/IOException'{0x0000000085583738}> (0x0000000085583738) 
thrown [s\open\src\hotspot\share\prims\jni.cpp, line 514]
Event: 1314.952 Thread 0x0000015a3995db70 Exception <a 'java/io/IOException'{0x0000000085583ca8}> (0x0000000085583ca8) 
thrown [s\open\src\hotspot\share\prims\jni.cpp, line 514]
Event: 1314.952 Thread 0x0000015a3995db70 Exception <a 'java/io/IOException'{0x0000000085583fc0}> (0x0000000085583fc0) 
thrown [s\open\src\hotspot\share\prims\jni.cpp, line 514]
Event: 1314.952 Thread 0x0000015a3995db70 Exception <a 'java/io/IOException'{0x0000000085584510}> (0x0000000085584510) 
thrown [s\open\src\hotspot\share\prims\jni.cpp, line 514]
Event: 1314.952 Thread 0x0000015a3995db70 Exception <a 'java/io/IOException'{0x0000000085584828}> (0x0000000085584828) 
thrown [s\open\src\hotspot\share\prims\jni.cpp, line 514]
Event: 1314.952 Thread 0x0000015a3995db70 Exception <a 'java/io/IOException'{0x0000000085584d68}> (0x0000000085584d68) 
thrown [s\open\src\hotspot\share\prims\jni.cpp, line 514]
Event: 1314.952 Thread 0x0000015a3995db70 Exception <a 'java/io/IOException'{0x0000000085585080}> (0x0000000085585080) 
thrown [s\open\src\hotspot\share\prims\jni.cpp, line 514]
Event: 1314.952 Thread 0x0000015a3995db70 Exception <a 'java/io/IOException'{0x0000000085585630}> (0x0000000085585630) 
thrown [s\open\src\hotspot\share\prims\jni.cpp, line 514]
Event: 1314.953 Thread 0x0000015a3995db70 Exception <a 'java/io/IOException'{0x0000000085585948}> (0x0000000085585948) 
thrown [s\open\src\hotspot\share\prims\jni.cpp, line 514]
Event: 1314.953 Thread 0x0000015a3995db70 Exception <a 'java/io/IOException'{0x0000000085585ee8}> (0x0000000085585ee8) 
thrown [s\open\src\hotspot\share\prims\jni.cpp, line 514]
Event: 1314.953 Thread 0x0000015a3995db70 Exception <a 'java/io/IOException'{0x0000000085586200}> (0x0000000085586200) 
thrown [s\open\src\hotspot\share\prims\jni.cpp, line 514]
Event: 1314.953 Thread 0x0000015a3995db70 Exception <a 'java/io/IOException'{0x00000000855867b0}> (0x00000000855867b0) 
thrown [s\open\src\hotspot\share\prims\jni.cpp, line 514]
Event: 1314.953 Thread 0x0000015a3995db70 Exception <a 'java/io/IOException'{0x0000000085586ac8}> (0x0000000085586ac8) 
thrown [s\open\src\hotspot\share\prims\jni.cpp, line 514]
Event: 1314.953 Thread 0x0000015a3995db70 Exception <a 'java/io/IOException'{0x0000000085587048}> (0x0000000085587048) 
thrown [s\open\src\hotspot\share\prims\jni.cpp, line 514]
Event: 1314.953 Thread 0x0000015a3995db70 Exception <a 'java/io/IOException'{0x0000000085587360}> (0x0000000085587360) 
thrown [s\open\src\hotspot\share\prims\jni.cpp, line 514]
Event: 1314.953 Thread 0x0000015a3995db70 Exception <a 'java/io/IOException'{0x0000000085587b30}> (0x0000000085587b30) 
thrown [s\open\src\hotspot\share\prims\jni.cpp, line 514]
Event: 1314.953 Thread 0x0000015a3995db70 Exception <a 'java/io/IOException'{0x0000000085587e48}> (0x0000000085587e48) 
thrown [s\open\src\hotspot\share\prims\jni.cpp, line 514]
Event: 1314.954 Thread 0x0000015a3995db70 Exception <a 'java/io/IOException'{0x00000000855883a8}> (0x00000000855883a8) 
thrown [s\open\src\hotspot\share\prims\jni.cpp, line 514]
Event: 1314.954 Thread 0x0000015a3995db70 Exception <a 'java/io/IOException'{0x00000000855886c0}> (0x00000000855886c0) 
thrown [s\open\src\hotspot\share\prims\jni.cpp, line 514]

VM Operations (14 events):
Event: 0.864 Executing safepoint VM operation: G1CollectForAllocation (G1 Evacuation Pause)
Event: 0.871 Executing safepoint VM operation: G1CollectForAllocation (G1 Evacuation Pause) done
Event: 0.931 Executing non-safepoint VM operation: HandshakeAllThreads (Deoptimize)
Event: 0.931 Executing non-safepoint VM operation: HandshakeAllThreads (Deoptimize) done
Event: 1.048 Executing non-safepoint VM operation: HandshakeAllThreads (Deoptimize)
Event: 1.049 Executing non-safepoint VM operation: HandshakeAllThreads (Deoptimize) done
Event: 1.060 Executing non-safepoint VM operation: HandshakeAllThreads (Deoptimize)
Event: 1.060 Executing non-safepoint VM operation: HandshakeAllThreads (Deoptimize) done
Event: 1.631 Executing safepoint VM operation: G1CollectForAllocation (G1 Evacuation Pause)
Event: 1.639 Executing safepoint VM operation: G1CollectForAllocation (G1 Evacuation Pause) done
Event: 60.189 Executing non-safepoint VM operation: HandshakeAllThreads (DeflationHandshakeClosure)
Event: 60.189 Executing non-safepoint VM operation: HandshakeAllThreads (DeflationHandshakeClosure) done
Event: 60.193 Executing non-safepoint VM operation: RendezvousGCThreads
Event: 60.193 Executing non-safepoint VM operation: RendezvousGCThreads done

Memory protections (0 events):
No events

Nmethod flushes (0 events):
No events

Events (18 events):
Event: 0.160 Thread 0x0000015a1938d540 Thread added: 0x0000015a1938d540
Event: 0.208 Thread 0x0000015a1938d540 Thread added: 0x0000015a38f68220
Event: 0.209 Thread 0x0000015a1938d540 Thread added: 0x0000015a38f68c70
Event: 0.211 Thread 0x0000015a1938d540 Thread added: 0x0000015a38f72210
Event: 0.212 Thread 0x0000015a1938d540 Thread added: 0x0000015a38f73dd0
Event: 0.212 Thread 0x0000015a1938d540 Thread added: 0x0000015a38f76990
Event: 0.212 Thread 0x0000015a1938d540 Thread added: 0x0000015a38f7d560
Event: 0.213 Thread 0x0000015a1938d540 Thread added: 0x0000015a38f7e980
Event: 0.213 Thread 0x0000015a1938d540 Thread added: 0x0000015a38f8b680
Event: 0.223 Thread 0x0000015a1938d540 Thread added: 0x0000015a3901e820
Event: 0.234 Thread 0x0000015a1938d540 Thread added: 0x0000015a3904a610
Event: 0.544 Thread 0x0000015a1938d540 Thread added: 0x0000015a393b1590
Event: 0.547 Thread 0x0000015a1938d540 Thread added: 0x0000015a397cb920
Event: 0.548 Thread 0x0000015a1938d540 Thread added: 0x0000015a393b20a0
Event: 1.118 Thread 0x0000015a393b20a0 Thread added: 0x0000015a3995db70
Event: 1.445 Thread 0x0000015a1938d540 Thread exited: 0x0000015a1938d540
Event: 1.445 Thread 0x0000015a1938d540 Thread added: 0x0000015a1938d540
Event: 1.752 Thread 0x0000015a3995db70 Thread added: 0x0000015a39b3e900


Dynamic libraries:
0x00007ff7c1f10000 - 0x00007ff7c1f20000 	C:\Program Files\Java\jdk-26.0.1\bin\java.exe
0x00007ffe9d780000 - 0x00007ffe9d9e6000 	C:\WINDOWS\SYSTEM32\ntdll.dll
0x00007ffe9b6e0000 - 0x00007ffe9b7a9000 	C:\WINDOWS\System32\KERNEL32.DLL
0x00007ffe9ac40000 - 0x00007ffe9b03e000 	C:\WINDOWS\System32\KERNELBASE.dll
0x00007ffe9b290000 - 0x00007ffe9b3dc000 	C:\WINDOWS\System32\ucrtbase.dll
0x00007ffe90310000 - 0x00007ffe90327000 	C:\Program Files\Java\jdk-26.0.1\bin\jli.dll
0x00007ffe87f10000 - 0x00007ffe87f2e000 	C:\Program Files\Java\jdk-26.0.1\bin\VCRUNTIME140.dll
0x00007ffe9b4b0000 - 0x00007ffe9b677000 	C:\WINDOWS\System32\USER32.dll
0x00007ffe9aad0000 - 0x00007ffe9aaf7000 	C:\WINDOWS\System32\win32u.dll
0x00007ffe84250000 - 0x00007ffe844e2000 	C:\WINDOWS\WinSxS\amd64_microsoft.windows.common-controls_6595b64144ccf1df_6.0.26100.8894_none_3e0f749ee32e02ea\COMCTL32.dll
0x00007ffe9cbe0000 - 0x00007ffe9cc0b000 	C:\WINDOWS\System32\GDI32.dll
0x00007ffe9a9a0000 - 0x00007ffe9aaca000 	C:\WINDOWS\System32\gdi32full.dll
0x00007ffe9c0b0000 - 0x00007ffe9c159000 	C:\WINDOWS\System32\msvcrt.dll
0x00007ffe9ab00000 - 0x00007ffe9aba3000 	C:\WINDOWS\System32\msvcp_win.dll
0x00007ffe9d700000 - 0x00007ffe9d732000 	C:\WINDOWS\System32\IMM32.DLL
0x00007ffe953c0000 - 0x00007ffe953cc000 	C:\Program Files\Java\jdk-26.0.1\bin\vcruntime140_1.dll
0x00007ffe2a6b0000 - 0x00007ffe2a73d000 	C:\Program Files\Java\jdk-26.0.1\bin\msvcp140.dll
0x00007ffdc5170000 - 0x00007ffdc603e000 	C:\Program Files\Java\jdk-26.0.1\bin\server\jvm.dll
0x00007ffe9d630000 - 0x00007ffe9d6e7000 	C:\WINDOWS\System32\ADVAPI32.dll
0x00007ffe9d130000 - 0x00007ffe9d1da000 	C:\WINDOWS\System32\sechost.dll
0x00007ffe9c6e0000 - 0x00007ffe9c7f8000 	C:\WINDOWS\System32\RPCRT4.dll
0x00007ffe9c020000 - 0x00007ffe9c0a0000 	C:\WINDOWS\System32\WS2_32.dll
0x00007ffe9a800000 - 0x00007ffe9a85e000 	C:\WINDOWS\SYSTEM32\POWRPROF.dll
0x00007ffe943e0000 - 0x00007ffe94416000 	C:\WINDOWS\SYSTEM32\WINMM.dll
0x00007ffe922a0000 - 0x00007ffe922ab000 	C:\WINDOWS\SYSTEM32\VERSION.dll
0x00007ffe9a7e0000 - 0x00007ffe9a7f4000 	C:\WINDOWS\SYSTEM32\UMPDC.dll
0x00007ffe99680000 - 0x00007ffe9969b000 	C:\WINDOWS\SYSTEM32\kernel.appcore.dll
0x00007ffe95370000 - 0x00007ffe9537a000 	C:\Program Files\Java\jdk-26.0.1\bin\jimage.dll
0x00007ffe97fb0000 - 0x00007ffe981f2000 	C:\WINDOWS\SYSTEM32\DBGHELP.DLL
0x00007ffe9d1e0000 - 0x00007ffe9d563000 	C:\WINDOWS\System32\combase.dll
0x00007ffe9c900000 - 0x00007ffe9c9d9000 	C:\WINDOWS\System32\OLEAUT32.dll
0x00007ffe5cea0000 - 0x00007ffe5cedb000 	C:\WINDOWS\SYSTEM32\dbgcore.DLL
0x00007ffe9b1d0000 - 0x00007ffe9b27c000 	C:\WINDOWS\System32\bcryptPrimitives.dll
0x00007ffe7b6b0000 - 0x00007ffe7b6cf000 	C:\Program Files\Java\jdk-26.0.1\bin\java.dll
0x00007ffe9c340000 - 0x00007ffe9c4d9000 	C:\WINDOWS\System32\ole32.dll
0x00007ffe9b7b0000 - 0x00007ffe9bf42000 	C:\WINDOWS\System32\SHELL32.dll
0x00007ffe98420000 - 0x00007ffe98cb2000 	C:\WINDOWS\SYSTEM32\windows.storage.dll
0x00007ffe9c800000 - 0x00007ffe9c8f7000 	C:\WINDOWS\System32\SHCORE.dll
0x00007ffe9bf50000 - 0x00007ffe9bfb7000 	C:\WINDOWS\System32\shlwapi.dll
0x00007ffe9a8c0000 - 0x00007ffe9a8e9000 	C:\WINDOWS\SYSTEM32\profapi.dll
0x00007ffe50be0000 - 0x00007ffe50bf2000 	C:\Program Files\Java\jdk-26.0.1\bin\net.dll
0x00007ffe99c30000 - 0x00007ffe99c9c000 	C:\WINDOWS\system32\mswsock.dll
0x00007ffe50bc0000 - 0x00007ffe50bd6000 	C:\Program Files\Java\jdk-26.0.1\bin\nio.dll
0x00007ffdeae30000 - 0x00007ffdeafb5000 	C:\Program Files\Java\jdk-26.0.1\bin\awt.dll
0x00007ffe972e0000 - 0x00007ffe97380000 	C:\WINDOWS\SYSTEM32\apphelp.dll
0x00007ffe97940000 - 0x00007ffe9796f000 	C:\WINDOWS\system32\DWMAPI.DLL
0x00007ffe97500000 - 0x00007ffe975a9000 	C:\WINDOWS\system32\uxtheme.dll
0x00007ffe29b30000 - 0x00007ffe29c3c000 	C:\WINDOWS\system32\opengl32.dll
0x00007ffe2b040000 - 0x00007ffe2b06d000 	C:\WINDOWS\SYSTEM32\GLU32.dll
0x00007ffe97990000 - 0x00007ffe979d6000 	C:\WINDOWS\SYSTEM32\dxcore.dll
0x00007ffe9ca70000 - 0x00007ffe9cbcd000 	C:\WINDOWS\System32\MSCTF.dll
0x00007ffe2a320000 - 0x00007ffe2a3ab000 	C:\Program Files\Java\jdk-26.0.1\bin\freetype.dll
0x00007ffde8600000 - 0x00007ffde86ef000 	C:\Program Files\Java\jdk-26.0.1\bin\fontmanager.dll
0x00007ffe9d570000 - 0x00007ffe9d61e000 	C:\WINDOWS\System32\clbcatq.dll
0x00007ffe95c00000 - 0x00007ffe95e2d000 	C:\WINDOWS\SYSTEM32\WindowsCodecs.dll
0x00007ffe33230000 - 0x00007ffe3328d000 	C:\WINDOWS\system32\dataexchange.dll
0x00007ffe87aa0000 - 0x00007ffe87cef000 	C:\WINDOWS\system32\twinapi.appcore.dll
0x00007ffe7c1b0000 - 0x00007ffe7c2f7000 	C:\WINDOWS\SYSTEM32\textinputframework.dll
0x00007ffe96fd0000 - 0x00007ffe970f5000 	C:\WINDOWS\SYSTEM32\CoreMessaging.dll
0x00007ffe930a0000 - 0x00007ffe93384000 	C:\WINDOWS\SYSTEM32\CoreUIComponents.dll
0x00007ffe94420000 - 0x00007ffe9458a000 	C:\WINDOWS\SYSTEM32\wintypes.dll
0x00007ffe99f30000 - 0x00007ffe99f3c000 	C:\WINDOWS\SYSTEM32\CRYPTBASE.DLL

JVMTI agents: none

dbghelp: loaded successfully - version: 4.0.5 - missing functions: none
symbol engine: initialized successfully - sym options: 0x614 - pdb path: .;C:\Program Files\Java\jdk-26.0.1\bin;C:\WINDOWS\SYSTEM32;C:\WINDOWS\WinSxS\amd64_microsoft.windows.common-controls_6595b64144ccf1df_6.0.26100.8894_none_3e0f749ee32e02ea;C:\Program Files\Java\jdk-26.0.1\bin\server

VM Arguments:
java_command: Main
java_class_path (initial): .
Launcher Type: SUN_STANDARD

[Global flags]
     bool AOTAdapterCaching                        = false                                  {diagnostic} {ergonomic}
     bool AOTInvokeDynamicLinking                  = false                                  {diagnostic} {ergonomic}
     bool AOTRecordTraining                        = false                                  {diagnostic} {ergonomic}
     bool AOTReplayTraining                        = false                                  {diagnostic} {ergonomic}
     bool AOTStubCaching                           = false                                  {diagnostic} {ergonomic}
     intx CICompilerCount                          = 4                                         {product} {ergonomic}
     uint ConcGCThreads                            = 3                                         {product} {ergonomic}
     uint G1ConcRefinementThreads                  = 10                                        {product} {ergonomic}
     uint G1EagerReclaimRemSetThreshold            = 10                                   {experimental} {ergonomic}
   size_t G1HeapRegionSize                         = 1048576                                   {product} {ergonomic}
     uint G1RemSetArrayOfCardsEntries              = 10                                   {experimental} {ergonomic}
     uint G1RemSetHowlMaxNumBuckets                = 8                                    {experimental} {ergonomic}
     uint G1RemSetHowlNumBuckets                   = 4                                    {experimental} {ergonomic}
   size_t InitialHeapSize                          = 8388608                                   {product} {ergonomic}
     bool IntelJccErratumMitigation                = false                             {ARCH diagnostic} {ergonomic}
   size_t MarkStackSize                            = 4194304                                   {product} {ergonomic}
   size_t MarkStackSizeMax                         = 536870912                                 {product} {ergonomic}
   size_t MaxHeapSize                              = 2065694720                                {product} {ergonomic}
   size_t MaxNewSize                               = 1239416832                                {product} {ergonomic}
 uint64_t MaxRAM                                   = 8259358720                                {product} {ergonomic}
   size_t MinHeapDeltaBytes                        = 1048576                                   {product} {ergonomic}
   size_t MinHeapSize                              = 8388608                                   {product} {ergonomic}
   size_t NonNMethodCodeHeapSize                   = 5898240                                {pd product} {ergonomic}
   size_t NonProfiledCodeHeapSize                  = 122945536                              {pd product} {ergonomic}
   size_t ProfiledCodeHeapSize                     = 122945536                              {pd product} {ergonomic}
   size_t ReservedCodeCacheSize                    = 251789312                              {pd product} {ergonomic}
     bool SegmentedCodeCache                       = true                                      {product} {ergonomic}
   size_t SoftMaxHeapSize                          = 2065694720                             {manageable} {ergonomic}
     bool UseCompressedOops                        = true                           {product lp64_product} {ergonomic}
     bool UseCondCardMark                          = true                                      {product} {ergonomic}
     bool UseFastUnorderedTimeStamps               = true                                 {experimental} {ergonomic}
     bool UseG1GC                                  = true                                      {product} {ergonomic}
     bool UseLargePagesIndividualAllocation        = false                                  {pd product} {ergonomic}
      int X86ICacheSync                            = 3                                 {ARCH diagnostic} {ergonomic}

Logging:
Log output configuration:
 #0: stdout all=warning uptime,level,tags foldmultilines=false
 #1: stderr all=off uptime,level,tags foldmultilines=false

Release file:
IMPLEMENTOR="Oracle Corporation" 
JAVA_RUNTIME_VERSION="26.0.1+8-34" 
JAVA_VERSION="26.0.1" 
JAVA_VERSION_DATE="2026-04-21" 
LIBC="default" 
MODULES="java.base java.compiler java.datatransfer java.xml java.prefs java.desktop java.instrument java.logging java.management java.security.sasl java.naming java.rmi java.management.rmi java.net.http java.scripting java.security.jgss java.transaction.xa java.sql java.sql.rowset java.xml.crypto java.se java.smartcardio jdk.accessibility jdk.internal.jvmstat jdk.attach jdk.charsets jdk.internal.opt jdk.zipfs jdk.compiler jdk.crypto.cryptoki jdk.crypto.ec jdk.crypto.mscapi jdk.dynalink jdk.internal.ed jdk.editpad jdk.internal.vm.ci jdk.graal.compiler jdk.graal.compiler.management jdk.hotspot.agent jdk.httpserver jdk.incubator.vector jdk.internal.le jdk.internal.md jdk.jartool jdk.javadoc jdk.jcmd jdk.management jdk.management.agent jdk.jconsole jdk.jdeps jdk.jdwp.agent jdk.jdi jdk.jfr jdk.jlink jdk.jpackage jdk.jshell jdk.jstatd jdk.localedata jdk.management.jfr jdk.naming.dns jdk.naming.rmi jdk.net jdk.nio.mapmode jdk.sctp jdk.security.auth jdk.security.jgss jdk.unsupported jdk.unsupported.desktop jdk.xml.dom" 
OS_ARCH="x86_64" 
OS_NAME="Windows" 
SOURCE=".:git:8fcde8268d22 open:git:fcc00fc4aee7" 

Environment Variables:
PATH=C:\Program Files\Common Files\Oracle\Java\javapath;C:\Program Files\Eclipse Adoptium\jdk-25.0.3.9-hotspot\bin;C:\Program Files (x86)\Common Files\Oracle\Java\java8path;C:\Program Files (x86)\Common Files\Oracle\Java\javapath;C:\WINDOWS\system32;C:\WINDOWS;C:\WINDOWS\System32\Wbem;C:\WINDOWS\System32\WindowsPowerShell\v1.0\;C:\WINDOWS\System32\OpenSSH\;C:\Program Files\dotnet\;C:\Program Files (x86)\Microsoft SQL Server\150\DTS\Binn\;C:\Program Files\Azure Data Studio\bin;C:\Program Files\Git\cmd;C:\Program Files (x86)\Windows Kits\10\Windows Performance Toolkit\;C:\Users\rahit\AppData\Local\Programs\Eclipse Adoptium\jdk-21.0.11.10-hotspot\bin;C:\Users\rahit\AppData\Local\Programs\Python\Python313\Scripts\;C:\Users\rahit\AppData\Local\Programs\Python\Python313\;C:\Users\rahit\AppData\Local\Programs\Python\Python37\Scripts\;C:\Users\rahit\AppData\Local\Programs\Python\Python37\;C:\Users\rahit\AppData\Local\Microsoft\WindowsApps;;C:\Program Files\Azure Data Studio\bin;C:\Users\rahit\AppData\Local\Programs\Microsoft VS Code\bin;C:\Program Files\JetBrains\IntelliJ IDEA 2026.1.4\bin;C:\Users\rahit\AppData\Local\Python\bin
USERNAME=rahit
OS=Windows_NT
PROCESSOR_IDENTIFIER=Intel64 Family 6 Model 154 Stepping 4, GenuineIntel
TMP=C:\Users\rahit\AppData\Local\Temp
TEMP=C:\Users\rahit\AppData\Local\Temp




Compilation memory statistics disabled.

Periodic native trim disabled

---------------  S Y S T E M  ---------------

OS:
 Windows 11 , 64 bit Build 26100 (10.0.26100.8875)
OS uptime: 0 days 3:18 hours
Hyper-V role detected

CPU: total 12 (initial active 12) (hybrid) family 6 model 154 stepping 4 microcode 0x43b, cx8, cmov, fxsr, ht, mmx, 3dnowpref, sse, sse2, sse3, ssse3, sse4.1, sse4.2, popcnt, lzcnt, tsc, tscinvbit, avx, avx2, aes, erms, clmul, bmi1, bmi2, adx, sha, fma, vzeroupper, clflush, clflushopt, clwb, hv, serialize, rdtscp, rdpid, fsrm, gfni, f16c, cet_ibt, cet_ss, hybrid
Processor Information for the first 12 processors :
  Max Mhz: 1300, Current Mhz: 1300, Mhz Limit: 1300

Memory: 4k page, system-wide physical 7876M (660M free)
TotalPageFile size 27332M (AvailPageFile size 13148M)
current process WorkingSet (physical memory assigned to process): 27M, peak: 75M
current process commit charge ("private bytes"): 108M, peak: 113M

vm_info: Java HotSpot(TM) 64-Bit Server VM (26.0.1+8-34) for windows-amd64 JRE (26.0.1+8-34), built on 2026-03-10T17:24:10Z with MS VC++ 17.13 (VS2022)

END.
